// Jest Snapshot v1, https://goo.gl/fbAQLP

exports[`Image Should match snapshot Image 1`] = `
ShallowWrapper {
  Symbol(enzyme.__root__): [Circular],
  Symbol(enzyme.__unrendered__): <Image
    onChange={[Function]}
    url="http://ya.ru/images/logo.png"
  />,
  Symbol(enzyme.__renderer__): Object {
    "batchedUpdates": [Function],
    "checkPropTypes": [Function],
    "getNode": [Function],
    "render": [Function],
    "simulateError": [Function],
    "simulateEvent": [Function],
    "unmount": [Function],
  },
  Symbol(enzyme.__node__): Object {
    "instance": null,
    "key": undefined,
    "nodeType": "host",
    "props": Object {
      "children": Array [
        <span
          className="image__title"
        >
          Изображение (ссылка): 
        </span>,
        <input
          className="image__input"
          onChange={[Function]}
          type="text"
          value="http://ya.ru/images/logo.png"
        />,
      ],
      "className": "image",
    },
    "ref": null,
    "rendered": Array [
      Object {
        "instance": null,
        "key": undefined,
        "nodeType": "host",
        "props": Object {
          "children": "Изображение (ссылка): ",
          "className": "image__title",
        },
        "ref": null,
        "rendered": "Изображение (ссылка): ",
        "type": "span",
      },
      Object {
        "instance": null,
        "key": undefined,
        "nodeType": "host",
        "props": Object {
          "className": "image__input",
          "onChange": [Function],
          "type": "text",
          "value": "http://ya.ru/images/logo.png",
        },
        "ref": null,
        "rendered": null,
        "type": "input",
      },
    ],
    "type": "div",
  },
  Symbol(enzyme.__nodes__): Array [
    Object {
      "instance": null,
      "key": undefined,
      "nodeType": "host",
      "props": Object {
        "children": Array [
          <span
            className="image__title"
          >
            Изображение (ссылка): 
          </span>,
          <input
            className="image__input"
            onChange={[Function]}
            type="text"
            value="http://ya.ru/images/logo.png"
          />,
        ],
        "className": "image",
      },
      "ref": null,
      "rendered": Array [
        Object {
          "instance": null,
          "key": undefined,
          "nodeType": "host",
          "props": Object {
            "children": "Изображение (ссылка): ",
            "className": "image__title",
          },
          "ref": null,
          "rendered": "Изображение (ссылка): ",
          "type": "span",
        },
        Object {
          "instance": null,
          "key": undefined,
          "nodeType": "host",
          "props": Object {
            "className": "image__input",
            "onChange": [Function],
            "type": "text",
            "value": "http://ya.ru/images/logo.png",
          },
          "ref": null,
          "rendered": null,
          "type": "input",
        },
      ],
      "type": "div",
    },
  ],
  Symbol(enzyme.__options__): Object {
    "adapter": ReactSixteenAdapter {
      "options": Object {
        "enableComponentDidUpdateOnSetState": true,
        "legacyContextMode": "parent",
        "lifecycles": Object {
          "componentDidUpdate": Object {
            "onSetState": true,
          },
          "getChildContext": Object {
            "calledByRenderer": false,
          },
          "getDerivedStateFromError": true,
          "getDerivedStateFromProps": Object {
            "hasShouldComponentUpdateBug": false,
          },
          "getSnapshotBeforeUpdate": true,
          "setState": Object {
            "skipsComponentDidUpdateOnNullish": true,
          },
        },
      },
    },
  },
}
`;
