// Jest Snapshot v1, https://goo.gl/fbAQLP

exports[`NoteListItem NoteListItem rendering 1`] = `
<label
  className="container"
>
  <input
    defaultChecked={true}
    type="checkbox"
  />
   
  <span>
    Тестовый текст
  </span>
  <span
    className="checkmark"
  />
</label>
`;
